
Allocating common symbols
Common symbol       size              file

ones                0x1               build/main.o
pass                0xa               build/main.o
logname             0xa               build/main.o
rbuf                0x4               build/main.o
alarm               0x1               build/main.o
buffer              0x4               build/main.o
float_exception_flags
                    0x1               build/main.o
tens                0x1               build/main.o
irbuff              0x800             build/main.o
float_rounding_mode
                    0x1               build/main.o
tbuf                0x4               build/main.o

Memory Configuration

Name             Origin             Length             Attributes
*default*        0x00000000         0xffffffff

Linker script and memory map

LOAD build/boot.o
LOAD build/Assembly.o
LOAD build/uart.o
LOAD build/spi.o
LOAD build/bcm2835.o
LOAD build/main.o
LOAD build/softfloat.o
LOAD build/can.o
LOAD build/i2c.o
                0x00000000                . = 0x0

.text           0x00000000     0xb098
 *(.text)
 .text          0x00000000     0x8104 build/boot.o
                0x00000000                vectors
                0x00008000                reset
                0x000080b0                reboot
                0x000080b4                enable_arm_irq
                0x000080c4                disable_arm_irq
                0x000080d4                enable_arm_fiq
                0x000080e4                disable_arm_fiq
                0x000080f4                vfp11_add
 .text          0x00008104       0x80 build/Assembly.o
                0x00008104                calc_add
                0x0000810c                calc_sub
                0x00008114                calc_mul
                0x0000811c                calc_div
 .text          0x00008184      0x35c build/uart.o
                0x00008220                uart_init
                0x000082e0                uart_set_transmit_interrupt
                0x0000835c                uart_is_transmit_interrupt_enabled
                0x00008390                uart_putc
                0x000083e8                uart_readc
                0x00008430                uart_puts
                0x00008478                uart_is_receivable
                0x000084ac                uart_is_transmittable
 .text          0x000084e0      0x178 build/spi.o
                0x000084e0                bcm2835_spi_begin
                0x0000855c                bcm2835_spi_end
                0x000085a8                bcm2835_spi_setBitOrder
                0x000085cc                bcm2835_spi_setClockDivider
                0x00008610                bcm2835_spi_setDataMode
 .text          0x00008658      0x62c build/bcm2835.o
                0x00008658                bcm2835_st_read
                0x000086e8                bcm2835_spi_transfernb
                0x00008834                bcm2835_gpio_set
                0x000088a0                bcm2835_gpio_fsel
                0x00008964                bcm2835_peri_read
                0x000089a0                bcm2835_st_delay
                0x000089ec                bcm2835_delayMicroseconds
                0x00008a1c                bcm2835_peri_read_nb
                0x00008a44                bcm2835_peri_write
                0x00008a80                bcm2835_peri_write_nb
                0x00008ab0                bcm2835_peri_set_bits
                0x00008b10                bcm2835_gpio_clr
                0x00008b7c                bcm2835_gpio_write
                0x00008bd0                bcm2835_spi_chipSelect
                0x00008c14                bcm2835_spi_setChipSelectPolarity
 .text          0x00008c84      0xbb4 build/main.o
                0x00008cbc                enable_irq_57
                0x00008cdc                disable_irq_57
                0x00008cfc                banner
                0x00008d24                atoi__
                0x00008dcc                reverseStr
                0x00008e7c                itoa__
                0x00008f90                lltoa__
                0x000090b8                serial_read_num
                0x00009248                calc
                0x000094b0                RES
                0x000094c4                HELP
                0x000094e0                String
                0x000094fc                command
                0x000095d0                testdelay
                0x00009604                kernel_main
                0x00009638                serial_getc
                0x000096c0                serial_puts
                0x00009708                serial_putc
                0x00009758                irq_handler
 .text          0x00009838     0x1334 build/softfloat.o
                0x00009838                float32_is_signaling_nan
                0x00009898                float32_is_nan
                0x000098d0                extractFloat32Frac
                0x000098fc                extractFloat32Exp
                0x00009928                extractFloat32Sign
                0x00009aa4                shift32RightJamming
                0x00009b50                packFloat32
                0x0000a0a4                float_raise
                0x0000a4c4                float32_add
                0x0000a538                float32_sub
                0x0000a5ac                expo
                0x0000a608                digits
                0x0000a678                getfraction
                0x0000a758                ASCII_to_float32
                0x0000ab44                float32_to_ASCII
 .text          0x0000ab6c      0x1f0 build/can.o
                0x0000ab6c                spitocan
                0x0000ac3c                cantospi
                0x0000ad04                initCAN
                0x0000ad1c                CANtransmit
                0x0000ad40                CANreceive
 .text          0x0000ad5c      0x33c build/i2c.o
                0x0000ad5c                bcm2835_i2c_begin
                0x0000ad84                bcm2835_i2c_end
                0x0000adac                bcm2835_i2c_setSlaveAddress
                0x0000adf0                bcm2835_i2c_setClockDivider
                0x0000ae34                bcm2835_i2c_write
                0x0000af08                bcm2835_i2c_read

.glue_7         0x0000b098        0x0
 .glue_7        0x0000b098        0x0 linker stubs

.glue_7t        0x0000b098        0x0
 .glue_7t       0x0000b098        0x0 linker stubs

.vfp11_veneer   0x0000b098        0x0
 .vfp11_veneer  0x0000b098        0x0 linker stubs

.v4_bx          0x0000b098        0x0
 .v4_bx         0x0000b098        0x0 linker stubs

.iplt           0x0000b098        0x0
 .iplt          0x0000b098        0x0 build/boot.o

.rodata         0x0000b098      0x658
 *(.rodata)
 .rodata        0x0000b098      0x229 build/main.o
                0x0000b098                MS1
                0x0000b0b0                MS2
                0x0000b0e8                MS3
                0x0000b0f4                MS4
                0x0000b114                GPUDATAERROR
                0x0000b138                LOGONNAME
                0x0000b144                PASSWORD
 *fill*         0x0000b2c1        0x3 
 .rodata        0x0000b2c4      0x42c build/softfloat.o

.rel.dyn        0x0000b6f0        0x0
 .rel.iplt      0x0000b6f0        0x0 build/boot.o

.data           0x0000b6f0      0x340
 *(.data)
 .data          0x0000b6f0        0x0 build/boot.o
 .data          0x0000b6f0        0x0 build/Assembly.o
 .data          0x0000b6f0        0x0 build/uart.o
 .data          0x0000b6f0        0x0 build/spi.o
 .data          0x0000b6f0        0x0 build/bcm2835.o
 .data          0x0000b6f0      0x33c build/main.o
                0x0000b6f0                N
                0x0000ba10                bcm2835_gpio
                0x0000ba14                bcm2835_clk
                0x0000ba18                bcm2835_pads
                0x0000ba1c                bcm2835_spi0
                0x0000ba20                bcm2835_bsc0
                0x0000ba24                bcm2835_bsc1
                0x0000ba28                bcm2835_st
 .data          0x0000ba2c        0x0 build/softfloat.o
 .data          0x0000ba2c        0x0 build/can.o
 .data          0x0000ba2c        0x4 build/i2c.o

.igot.plt       0x0000ba30        0x0
 .igot.plt      0x0000ba30        0x0 build/boot.o

.bss            0x0000ba30      0x844
 *(.bss)
 .bss           0x0000ba30        0x0 build/boot.o
 .bss           0x0000ba30        0x0 build/Assembly.o
 .bss           0x0000ba30        0x0 build/uart.o
 .bss           0x0000ba30        0x0 build/spi.o
 .bss           0x0000ba30        0x0 build/bcm2835.o
 .bss           0x0000ba30        0xc build/main.o
                0x0000ba30                iwptr
                0x0000ba34                r_r
                0x0000ba38                r_w
 .bss           0x0000ba3c        0x4 build/softfloat.o
                0x0000ba3c                float_detect_tininess
 .bss           0x0000ba40        0x0 build/can.o
 .bss           0x0000ba40        0x0 build/i2c.o
 COMMON         0x0000ba40      0x834 build/main.o
                0x0000ba40                ones
                0x0000ba44                pass
                0x0000ba50                logname
                0x0000ba5c                rbuf
                0x0000ba60                alarm
                0x0000ba64                buffer
                0x0000ba68                float_exception_flags
                0x0000ba69                tens
                0x0000ba6c                irbuff
                0x0000c26c                float_rounding_mode
                0x0000c270                tbuf
OUTPUT(build/output.elf elf32-littlearm)

.ARM.attributes
                0x00000000       0x27
 .ARM.attributes
                0x00000000       0x16 build/boot.o
 .ARM.attributes
                0x00000016       0x18 build/Assembly.o
 .ARM.attributes
                0x0000002e       0x2b build/uart.o
 .ARM.attributes
                0x00000059       0x2b build/spi.o
 .ARM.attributes
                0x00000084       0x2b build/bcm2835.o
 .ARM.attributes
                0x000000af       0x2b build/main.o
 .ARM.attributes
                0x000000da       0x2b build/softfloat.o
 .ARM.attributes
                0x00000105       0x2b build/can.o
 .ARM.attributes
                0x00000130       0x2b build/i2c.o

.comment        0x00000000       0x34
 .comment       0x00000000       0x34 build/uart.o
                                 0x35 (size before relaxing)
 .comment       0x00000034       0x35 build/spi.o
 .comment       0x00000034       0x35 build/bcm2835.o
 .comment       0x00000034       0x35 build/main.o
 .comment       0x00000034       0x35 build/softfloat.o
 .comment       0x00000034       0x35 build/can.o
 .comment       0x00000034       0x35 build/i2c.o

.note.GNU-stack
                0x00000000        0x0
 .note.GNU-stack
                0x00000000        0x0 build/uart.o
 .note.GNU-stack
                0x00000000        0x0 build/spi.o
 .note.GNU-stack
                0x00000000        0x0 build/bcm2835.o
 .note.GNU-stack
                0x00000000        0x0 build/main.o
 .note.GNU-stack
                0x00000000        0x0 build/softfloat.o
 .note.GNU-stack
                0x00000000        0x0 build/can.o
 .note.GNU-stack
                0x00000000        0x0 build/i2c.o
